start=2026-09-13T20:58:41-04:00
node=v24.21.0
npm=11.19.0
head=e4ca7369024ec862baa46c20b0bc1bdf520321c8
npm warn Unknown env config "devdir". This will stop working in the next major version of npm. See `npm help npmrc` for supported config options.

added 395 packages, and audited 396 packages in 4s

155 packages are looking for funding
  run `npm fund` for details

10 vulnerabilities (3 moderate, 6 high, 1 critical)

To address all issues, run:
  npm audit fix

Run `npm audit` for details.
npm warn install-scripts 3 packages have install scripts not yet covered by allowScripts:
npm warn install-scripts   fsevents@2.3.3 (install: (install scripts present))
npm warn install-scripts   sharp@0.34.5 (install: node install/check.js || npm run build)
npm warn install-scripts   unrs-resolver@1.12.2 (postinstall: node postinstall.js)
npm warn install-scripts
npm warn install-scripts Run `npm install-scripts ls` to review, or `npm install-scripts approve <pkg>` to allow.
npm warn Unknown env config "devdir". This will stop working in the next major version of npm. See `npm help npmrc` for supported config options.

> ai-garage-web@0.1.0 lint
> eslint

npm warn Unknown env config "devdir". This will stop working in the next major version of npm. See `npm help npmrc` for supported config options.

> ai-garage-web@0.1.0 typecheck
> tsc --noEmit

npm warn Unknown env config "devdir". This will stop working in the next major version of npm. See `npm help npmrc` for supported config options.

> ai-garage-web@0.1.0 test
> vitest run


 RUN  v4.1.9 /private/tmp/adlc-e2-pr32.FNyfXc/repo


 Test Files  11 passed (11)
      Tests  87 passed (87)
   Start at  20:58:50
   Duration  730ms (transform 591ms, setup 0ms, import 1.38s, tests 154ms, environment 1ms)

npm warn Unknown env config "devdir". This will stop working in the next major version of npm. See `npm help npmrc` for supported config options.

> ai-garage-web@0.1.0 build
> next build

▲ Next.js 16.2.9 (Turbopack)

  Creating an optimized production build ...
✓ Compiled successfully in 1322ms
  Running TypeScript ...
  Finished TypeScript in 1250ms ...
  Collecting page data using 9 workers ...
  Generating static pages using 9 workers (0/16) ...
  Generating static pages using 9 workers (4/16) 
  Generating static pages using 9 workers (8/16) 
  Generating static pages using 9 workers (12/16) 
✓ Generating static pages using 9 workers (16/16) in 113ms
  Finalizing page optimization ...

Route (app)
┌ ○ /
├ ○ /_not-found
├ ƒ /api/library/agents
├ ƒ /api/library/agents/[agentId]
├ ƒ /api/submissions/agent-request
├ ƒ /api/submissions/idea
├ ƒ /api/submissions/talk
├ ƒ /api/try
├ ƒ /backlog
├ ƒ /backlog/[agentId]
├ ○ /changelog
├ ○ /contact
├ ○ /espresso
├ ƒ /library
├ ƒ /library/[agentId]
├ ○ /plan
├ ○ /roundtable
└ ○ /submit


○  (Static)   prerendered as static content
ƒ  (Dynamic)  server-rendered on demand

end=2026-09-13T20:58:56-04:00
result=PASS
